test_authority_inputs_and_gate_configuration_require_r22 (tests.test_r22_scope.R22ScopeTests.test_authority_inputs_and_gate_configuration_require_r22) ... ok
test_unknown_or_malformed_change_set_fails_closed (tests.test_r22_scope.R22ScopeTests.test_unknown_or_malformed_change_set_fails_closed) ... ok
test_unrelated_af27_change_does_not_require_r22 (tests.test_r22_scope.R22ScopeTests.test_unrelated_af27_change_does_not_require_r22) ... ok
test_bare_python_command_uses_the_locked_cli_interpreter (tests.test_ci_guard.CICostGuardTests.test_bare_python_command_uses_the_locked_cli_interpreter) ... green
ok
test_ci_contract_symlink_and_hardlink_are_rejected (tests.test_ci_guard.CICostGuardTests.test_ci_contract_symlink_and_hardlink_are_rejected) ... ok
test_comments_cannot_fake_types_or_hide_job_write_permissions (tests.test_ci_guard.CICostGuardTests.test_comments_cannot_fake_types_or_hide_job_write_permissions) ... ok
test_configured_local_command_timeout_is_bounded (tests.test_ci_guard.CICostGuardTests.test_configured_local_command_timeout_is_bounded) ... ok
test_contract_rejects_shell_string_and_local_failure (tests.test_ci_guard.CICostGuardTests.test_contract_rejects_shell_string_and_local_failure) ... ok
test_draft_conversion_must_cancel_the_active_pull_request_run (tests.test_ci_guard.CICostGuardTests.test_draft_conversion_must_cancel_the_active_pull_request_run) ... ok
test_draft_guard_must_not_be_hidden_inside_always_true_expression (tests.test_ci_guard.CICostGuardTests.test_draft_guard_must_not_be_hidden_inside_always_true_expression) ... ok
test_duplicate_yaml_keys_fail_closed (tests.test_ci_guard.CICostGuardTests.test_duplicate_yaml_keys_fail_closed) ... ok
test_every_pull_request_job_must_skip_drafts (tests.test_ci_guard.CICostGuardTests.test_every_pull_request_job_must_skip_drafts) ... ok
test_exception_does_not_allow_unlisted_write_in_the_same_job (tests.test_ci_guard.CICostGuardTests.test_exception_does_not_allow_unlisted_write_in_the_same_job) ... ok
test_exempt_workflow_cannot_declare_write_exceptions (tests.test_ci_guard.CICostGuardTests.test_exempt_workflow_cannot_declare_write_exceptions) ... ok
test_exempt_workflow_must_name_one_discovered_file_exactly (tests.test_ci_guard.CICostGuardTests.test_exempt_workflow_must_name_one_discovered_file_exactly) ... ok
test_exempt_workflow_names_must_be_nonempty_and_unique (tests.test_ci_guard.CICostGuardTests.test_exempt_workflow_names_must_be_nonempty_and_unique) ... ok
test_exempt_workflow_skips_concurrency_group_validation (tests.test_ci_guard.CICostGuardTests.test_exempt_workflow_skips_concurrency_group_validation) ... ok
test_invalid_contract_mappings_fail_closed_without_exception (tests.test_ci_guard.CICostGuardTests.test_invalid_contract_mappings_fail_closed_without_exception) ... ok
test_invalid_exemption_entry_returns_structured_error (tests.test_ci_guard.CICostGuardTests.test_invalid_exemption_entry_returns_structured_error) ... ok
test_legacy_contract_without_timeout_uses_bounded_default (tests.test_ci_guard.CICostGuardTests.test_legacy_contract_without_timeout_uses_bounded_default) ... ok
test_local_gate_bounds_each_command_and_releases_the_lock_on_timeout (tests.test_ci_guard.CICostGuardTests.test_local_gate_bounds_each_command_and_releases_the_lock_on_timeout) ... ok
test_manual_only_post_merge_verification_rejects_automatic_push (tests.test_ci_guard.CICostGuardTests.test_manual_only_post_merge_verification_rejects_automatic_push) ... ok
test_manual_only_push_cannot_hide_behind_workflow_exemption (tests.test_ci_guard.CICostGuardTests.test_manual_only_push_cannot_hide_behind_workflow_exemption) ... ok
test_manual_release_uses_only_exact_write_permission_exceptions (tests.test_ci_guard.CICostGuardTests.test_manual_release_uses_only_exact_write_permission_exceptions) ... ok
test_manual_workflow_concurrency_error_uses_hosted_wording (tests.test_ci_guard.CICostGuardTests.test_manual_workflow_concurrency_error_uses_hosted_wording) ... ok
test_missing_controls_fail_closed (tests.test_ci_guard.CICostGuardTests.test_missing_controls_fail_closed) ... ok
test_non_mapping_job_fails_closed (tests.test_ci_guard.CICostGuardTests.test_non_mapping_job_fails_closed) ... ok
test_runner_and_concurrency_values_are_semantically_validated (tests.test_ci_guard.CICostGuardTests.test_runner_and_concurrency_values_are_semantically_validated) ... ok
test_stricter_conjunction_binds_pull_request_target_event_family (tests.test_ci_guard.CICostGuardTests.test_stricter_conjunction_binds_pull_request_target_event_family) ... ok
test_stricter_draft_guard_grammar_fails_closed (tests.test_ci_guard.CICostGuardTests.test_stricter_draft_guard_grammar_fails_closed) ... ok
test_stricter_flat_conjunction_may_require_non_draft_pr (tests.test_ci_guard.CICostGuardTests.test_stricter_flat_conjunction_may_require_non_draft_pr) ... ok
test_v1_contract_defaults_missing_post_merge_policy_to_automatic (tests.test_ci_guard.CICostGuardTests.test_v1_contract_defaults_missing_post_merge_policy_to_automatic) ... ok
test_verify_and_local_gate (tests.test_ci_guard.CICostGuardTests.test_verify_and_local_gate) ... green
ok
test_workflow_leaf_symlink_and_hardlink_are_rejected (tests.test_ci_guard.CICostGuardTests.test_workflow_leaf_symlink_and_hardlink_are_rejected) ... ok
test_workflow_parent_symlink_is_rejected (tests.test_ci_guard.CICostGuardTests.test_workflow_parent_symlink_is_rejected) ... ok
test_write_permission_exception_job_map_must_not_be_empty (tests.test_ci_guard.CICostGuardTests.test_write_permission_exception_job_map_must_not_be_empty) ... ok
test_write_permission_exception_must_be_used_by_the_exact_job (tests.test_ci_guard.CICostGuardTests.test_write_permission_exception_must_be_used_by_the_exact_job) ... ok
test_write_permission_exception_must_name_an_existing_workflow (tests.test_ci_guard.CICostGuardTests.test_write_permission_exception_must_name_an_existing_workflow) ... ok
test_write_permission_exception_names_must_not_be_blank (tests.test_ci_guard.CICostGuardTests.test_write_permission_exception_names_must_not_be_blank) ... ok
test_yaml_11_boolean_alias_cannot_hide_duplicate_on_key (tests.test_ci_guard.CICostGuardTests.test_yaml_11_boolean_alias_cannot_hide_duplicate_on_key) ... ok
test_adapters_route_to_canonical_skill (tests.test_repository_contract.RepositoryContractTests.test_adapters_route_to_canonical_skill) ... ok
test_autonomy_v1_2_contract_is_machine_enforced (tests.test_repository_contract.RepositoryContractTests.test_autonomy_v1_2_contract_is_machine_enforced) ... ok
test_broker_service_mirrors_are_byte_identical (tests.test_repository_contract.RepositoryContractTests.test_broker_service_mirrors_are_byte_identical) ... ok
test_broker_service_unit_is_hardened (tests.test_repository_contract.RepositoryContractTests.test_broker_service_unit_is_hardened) ... ok
test_ci_permission_exception_schema_rejects_empty_job_maps (tests.test_repository_contract.RepositoryContractTests.test_ci_permission_exception_schema_rejects_empty_job_maps) ... ok
test_coderabbit_reviews_product_and_current_evidence_under_file_limit (tests.test_repository_contract.RepositoryContractTests.test_coderabbit_reviews_product_and_current_evidence_under_file_limit) ... ok
test_coderabbit_upstream_review_contracts (tests.test_repository_contract.RepositoryContractTests.test_coderabbit_upstream_review_contracts) ... ok
test_codex_adapter_preserves_repository_bootstrap_before_layered_loading (tests.test_repository_contract.RepositoryContractTests.test_codex_adapter_preserves_repository_bootstrap_before_layered_loading) ... ok
test_collector_playbooks_preserve_safe_reproduction_context (tests.test_repository_contract.RepositoryContractTests.test_collector_playbooks_preserve_safe_reproduction_context) ... ok
test_current_repo_installed_governance_is_healthy_and_current (tests.test_repository_contract.RepositoryContractTests.test_current_repo_installed_governance_is_healthy_and_current) ... ok
test_dep_security_boundary_objects_reject_unknown_fields (tests.test_repository_contract.RepositoryContractTests.test_dep_security_boundary_objects_reject_unknown_fields) ... ok
test_english_readme_exposes_first_run_and_governance_tables (tests.test_repository_contract.RepositoryContractTests.test_english_readme_exposes_first_run_and_governance_tables) ... ok
test_every_tracked_proof_dep_is_portable_strict (tests.test_repository_contract.RepositoryContractTests.test_every_tracked_proof_dep_is_portable_strict) ... ok
test_evidence_paths_are_normalized_and_zone_bounded (tests.test_repository_contract.RepositoryContractTests.test_evidence_paths_are_normalized_and_zone_bounded) ... ok
test_fresh_wheel_smoke_does_not_import_the_source_checkout (tests.test_repository_contract.RepositoryContractTests.test_fresh_wheel_smoke_does_not_import_the_source_checkout) ... ok
test_historical_rollback_procedures_are_inert_and_verify_release_tools (tests.test_repository_contract.RepositoryContractTests.test_historical_rollback_procedures_are_inert_and_verify_release_tools) ... ok
test_json_schemas_are_parseable (tests.test_repository_contract.RepositoryContractTests.test_json_schemas_are_parseable) ... ok
test_l3_runbook_pins_authority_and_validates_launchd_assets (tests.test_repository_contract.RepositoryContractTests.test_l3_runbook_pins_authority_and_validates_launchd_assets) ... ok
test_monorepo_benchmark_cannot_authorize_weaker_tree_proof (tests.test_repository_contract.RepositoryContractTests.test_monorepo_benchmark_cannot_authorize_weaker_tree_proof) ... ok
test_monorepo_benchmark_uses_public_exact_tree_entry_point (tests.test_repository_contract.RepositoryContractTests.test_monorepo_benchmark_uses_public_exact_tree_entry_point) ... ok
test_native_broker_rehearsal_runs_real_linux_and_macos_sockets (tests.test_repository_contract.RepositoryContractTests.test_native_broker_rehearsal_runs_real_linux_and_macos_sockets) ... ok
test_objective_contract_lists_reject_blank_items (tests.test_repository_contract.RepositoryContractTests.test_objective_contract_lists_reject_blank_items) ... ok
test_offline_install_examples_guard_platform_before_download (tests.test_repository_contract.RepositoryContractTests.test_offline_install_examples_guard_platform_before_download) ... ok
test_owner_approval_is_a_separate_non_key_cli_contract (tests.test_repository_contract.RepositoryContractTests.test_owner_approval_is_a_separate_non_key_cli_contract) ... ok
test_owner_key_and_broker_runbooks_cover_operational_failure_modes (tests.test_repository_contract.RepositoryContractTests.test_owner_key_and_broker_runbooks_cover_operational_failure_modes) ... ok
test_packaged_hard_gate_assets_match_canonical_sources (tests.test_repository_contract.RepositoryContractTests.test_packaged_hard_gate_assets_match_canonical_sources) ... ok
test_pull_request_gate_uses_base_trusted_verifier (tests.test_repository_contract.RepositoryContractTests.test_pull_request_gate_uses_base_trusted_verifier) ... ok
test_python_version_guard_has_an_actionable_error (tests.test_repository_contract.RepositoryContractTests.test_python_version_guard_has_an_actionable_error) ... ok
test_r6_hypothesis_records_falsification_results_before_confirmation (tests.test_repository_contract.RepositoryContractTests.test_r6_hypothesis_records_falsification_results_before_confirmation) ... ok
test_r6_verification_does_not_claim_unattached_build_or_twine_proof (tests.test_repository_contract.RepositoryContractTests.test_r6_verification_does_not_claim_unattached_build_or_twine_proof) ... ok
test_rc1_uses_patched_cryptography_line (tests.test_repository_contract.RepositoryContractTests.test_rc1_uses_patched_cryptography_line) ... ok
test_rc1_work_package_and_rollback_bind_current_proof (tests.test_repository_contract.RepositoryContractTests.test_rc1_work_package_and_rollback_bind_current_proof) ... ok
test_redaction_inventory_matches_sensitive_identifier_contract (tests.test_repository_contract.RepositoryContractTests.test_redaction_inventory_matches_sensitive_identifier_contract) ... ok
test_release_tool_lock_excludes_reviewed_vulnerable_ranges (tests.test_repository_contract.RepositoryContractTests.test_release_tool_lock_excludes_reviewed_vulnerable_ranges) ... ok
test_release_workflow_is_manual_isolated_and_attested (tests.test_repository_contract.RepositoryContractTests.test_release_workflow_is_manual_isolated_and_attested) ... ok
test_repository_assets_validate (tests.test_repository_contract.RepositoryContractTests.test_repository_assets_validate) ... ok
test_rollback_runbook_fetches_live_protected_branch (tests.test_repository_contract.RepositoryContractTests.test_rollback_runbook_fetches_live_protected_branch) ... ok
test_rollback_runbook_preserves_fail_closed_verifier_and_squash_mapping (tests.test_repository_contract.RepositoryContractTests.test_rollback_runbook_preserves_fail_closed_verifier_and_squash_mapping) ... ok
test_runtime_uses_public_resource_accessor (tests.test_repository_contract.RepositoryContractTests.test_runtime_uses_public_resource_accessor) ... ok
test_security_configuration_mirrors_are_byte_identical (tests.test_repository_contract.RepositoryContractTests.test_security_configuration_mirrors_are_byte_identical) ... ok
test_security_critical_sources_and_dependency_inputs_are_protected (tests.test_repository_contract.RepositoryContractTests.test_security_critical_sources_and_dependency_inputs_are_protected) ... ok
test_shareable_evidence_contains_no_absolute_user_workspace_paths (tests.test_repository_contract.RepositoryContractTests.test_shareable_evidence_contains_no_absolute_user_workspace_paths) ... ok
test_skill_is_thin_and_routes_one_level_references (tests.test_repository_contract.RepositoryContractTests.test_skill_is_thin_and_routes_one_level_references) ... ok
test_source_validation_checks_every_embedded_governance_asset (tests.test_repository_contract.RepositoryContractTests.test_source_validation_checks_every_embedded_governance_asset) ... ok
test_source_validation_requires_runtime_and_owner_approval_modules (tests.test_repository_contract.RepositoryContractTests.test_source_validation_requires_runtime_and_owner_approval_modules) ... ok
test_terminal_external_action_schema_requires_signed_resolution_proof (tests.test_repository_contract.RepositoryContractTests.test_terminal_external_action_schema_requires_signed_resolution_proof) ... ok
test_user_guide_preserves_red_evidence_before_returning_test_status (tests.test_repository_contract.RepositoryContractTests.test_user_guide_preserves_red_evidence_before_returning_test_status) ... ok
test_withdrawal_exemption_is_bound_to_the_exact_report_artifact (tests.test_repository_contract.RepositoryContractTests.test_withdrawal_exemption_is_bound_to_the_exact_report_artifact) ... ok

----------------------------------------------------------------------
Ran 88 tests in 1.996s

OK
